// Jest Snapshot v1, https://goo.gl/fbAQLP

exports[`Should match Month snapshot. 1`] = `
<div
  className="month"
>
  <table
    className="month__table"
  >
    <thead>
      <tr>
        <th
          className="month__weekday"
          key="0"
        >
          Su
        </th>
        <th
          className="month__weekday"
          key="1"
        >
          Mo
        </th>
        <th
          className="month__weekday"
          key="2"
        >
          Tu
        </th>
        <th
          className="month__weekday"
          key="3"
        >
          We
        </th>
        <th
          className="month__weekday"
          key="4"
        >
          Th
        </th>
        <th
          className="month__weekday"
          key="5"
        >
          Fr
        </th>
        <th
          className="month__weekday"
          key="6"
        >
          Sa
        </th>
      </tr>
    </thead>
    <tbody>
      <tr
        id={0}
        key="0"
      >
        <td
          className="day day__blank"
          id={0}
          key="0"
        />
        <td
          className="day day__blank"
          id={1}
          key="1"
        />
        <td
          className="day"
          id="2019-01-01"
          key="2019-01-01"
        >
          <button
            className="day__button day__button__na"
            disabled={true}
            id="2019-01-01"
            onClick={[Function]}
            onMouseOut={[Function]}
            onMouseOver={[Function]}
          >
            1
          </button>
        </td>
        <td
          className="day"
          id="2019-01-02"
          key="2019-01-02"
        >
          <button
            className="day__button"
            disabled={false}
            id="2019-01-02"
            onClick={[Function]}
            onMouseOut={[Function]}
            onMouseOver={[Function]}
          >
            2
          </button>
        </td>
        <td
          className="day"
          id="2019-01-03"
          key="2019-01-03"
        >
          <button
            className="day__button"
            disabled={false}
            id="2019-01-03"
            onClick={[Function]}
            onMouseOut={[Function]}
            onMouseOver={[Function]}
          >
            3
          </button>
        </td>
        <td
          className="day"
          id="2019-01-04"
          key="2019-01-04"
        >
          <button
            className="day__button"
            disabled={false}
            id="2019-01-04"
            onClick={[Function]}
            onMouseOut={[Function]}
            onMouseOver={[Function]}
          >
            4
          </button>
        </td>
        <td
          className="day"
          id="2019-01-05"
          key="2019-01-05"
        >
          <button
            className="day__button day__button__na"
            disabled={true}
            id="2019-01-05"
            onClick={[Function]}
            onMouseOut={[Function]}
            onMouseOver={[Function]}
          >
            5
          </button>
        </td>
      </tr>
      <tr
        id={1}
        key="1"
      >
        <td
          className="day"
          id="2019-01-06"
          key="2019-01-06"
        >
          <button
            className="day__button day__button__na"
            disabled={true}
            id="2019-01-06"
            onClick={[Function]}
            onMouseOut={[Function]}
            onMouseOver={[Function]}
          >
            6
          </button>
        </td>
        <td
          className="day"
          id="2019-01-07"
          key="2019-01-07"
        >
          <button
            className="day__button day__button__na"
            disabled={true}
            id="2019-01-07"
            onClick={[Function]}
            onMouseOut={[Function]}
            onMouseOver={[Function]}
          >
            7
          </button>
        </td>
        <td
          className="day"
          id="2019-01-08"
          key="2019-01-08"
        >
          <button
            className="day__button day__button__na"
            disabled={true}
            id="2019-01-08"
            onClick={[Function]}
            onMouseOut={[Function]}
            onMouseOver={[Function]}
          >
            8
          </button>
        </td>
        <td
          className="day"
          id="2019-01-09"
          key="2019-01-09"
        >
          <button
            className="day__button"
            disabled={false}
            id="2019-01-09"
            onClick={[Function]}
            onMouseOut={[Function]}
            onMouseOver={[Function]}
          >
            9
          </button>
        </td>
        <td
          className="day"
          id="2019-01-10"
          key="2019-01-10"
        >
          <button
            className="day__button"
            disabled={false}
            id="2019-01-10"
            onClick={[Function]}
            onMouseOut={[Function]}
            onMouseOver={[Function]}
          >
            10
          </button>
        </td>
        <td
          className="day"
          id="2019-01-11"
          key="2019-01-11"
        >
          <button
            className="day__button"
            disabled={false}
            id="2019-01-11"
            onClick={[Function]}
            onMouseOut={[Function]}
            onMouseOver={[Function]}
          >
            11
          </button>
        </td>
        <td
          className="day"
          id="2019-01-12"
          key="2019-01-12"
        >
          <button
            className="day__button"
            disabled={false}
            id="2019-01-12"
            onClick={[Function]}
            onMouseOut={[Function]}
            onMouseOver={[Function]}
          >
            12
          </button>
        </td>
      </tr>
      <tr
        id={2}
        key="2"
      >
        <td
          className="day"
          id="2019-01-13"
          key="2019-01-13"
        >
          <button
            className="day__button"
            disabled={false}
            id="2019-01-13"
            onClick={[Function]}
            onMouseOut={[Function]}
            onMouseOver={[Function]}
          >
            13
          </button>
        </td>
        <td
          className="day"
          id="2019-01-14"
          key="2019-01-14"
        >
          <button
            className="day__button"
            disabled={false}
            id="2019-01-14"
            onClick={[Function]}
            onMouseOut={[Function]}
            onMouseOver={[Function]}
          >
            14
          </button>
        </td>
        <td
          className="day"
          id="2019-01-15"
          key="2019-01-15"
        >
          <button
            className="day__button day__button__na"
            disabled={true}
            id="2019-01-15"
            onClick={[Function]}
            onMouseOut={[Function]}
            onMouseOver={[Function]}
          >
            15
          </button>
        </td>
        <td
          className="day"
          id="2019-01-16"
          key="2019-01-16"
        >
          <button
            className="day__button day__button__na"
            disabled={true}
            id="2019-01-16"
            onClick={[Function]}
            onMouseOut={[Function]}
            onMouseOver={[Function]}
          >
            16
          </button>
        </td>
        <td
          className="day"
          id="2019-01-17"
          key="2019-01-17"
        >
          <button
            className="day__button day__button__na"
            disabled={true}
            id="2019-01-17"
            onClick={[Function]}
            onMouseOut={[Function]}
            onMouseOver={[Function]}
          >
            17
          </button>
        </td>
        <td
          className="day"
          id="2019-01-18"
          key="2019-01-18"
        >
          <button
            className="day__button"
            disabled={false}
            id="2019-01-18"
            onClick={[Function]}
            onMouseOut={[Function]}
            onMouseOver={[Function]}
          >
            18
          </button>
        </td>
        <td
          className="day"
          id="2019-01-19"
          key="2019-01-19"
        >
          <button
            className="day__button"
            disabled={false}
            id="2019-01-19"
            onClick={[Function]}
            onMouseOut={[Function]}
            onMouseOver={[Function]}
          >
            19
          </button>
        </td>
      </tr>
      <tr
        id={3}
        key="3"
      >
        <td
          className="day"
          id="2019-01-20"
          key="2019-01-20"
        >
          <button
            className="day__button day__button__na"
            disabled={true}
            id="2019-01-20"
            onClick={[Function]}
            onMouseOut={[Function]}
            onMouseOver={[Function]}
          >
            20
          </button>
        </td>
        <td
          className="day"
          id="2019-01-21"
          key="2019-01-21"
        >
          <button
            className="day__button day__button__na"
            disabled={true}
            id="2019-01-21"
            onClick={[Function]}
            onMouseOut={[Function]}
            onMouseOver={[Function]}
          >
            21
          </button>
        </td>
        <td
          className="day"
          id="2019-01-22"
          key="2019-01-22"
        >
          <button
            className="day__button day__button__na"
            disabled={true}
            id="2019-01-22"
            onClick={[Function]}
            onMouseOut={[Function]}
            onMouseOver={[Function]}
          >
            22
          </button>
        </td>
        <td
          className="day"
          id="2019-01-23"
          key="2019-01-23"
        >
          <button
            className="day__button"
            disabled={false}
            id="2019-01-23"
            onClick={[Function]}
            onMouseOut={[Function]}
            onMouseOver={[Function]}
          >
            23
          </button>
        </td>
        <td
          className="day"
          id="2019-01-24"
          key="2019-01-24"
        >
          <button
            className="day__button"
            disabled={false}
            id="2019-01-24"
            onClick={[Function]}
            onMouseOut={[Function]}
            onMouseOver={[Function]}
          >
            24
          </button>
        </td>
        <td
          className="day"
          id="2019-01-25"
          key="2019-01-25"
        >
          <button
            className="day__button"
            disabled={false}
            id="2019-01-25"
            onClick={[Function]}
            onMouseOut={[Function]}
            onMouseOver={[Function]}
          >
            25
          </button>
        </td>
        <td
          className="day"
          id="2019-01-26"
          key="2019-01-26"
        >
          <button
            className="day__button day__button__na"
            disabled={true}
            id="2019-01-26"
            onClick={[Function]}
            onMouseOut={[Function]}
            onMouseOver={[Function]}
          >
            26
          </button>
        </td>
      </tr>
      <tr
        id={4}
        key="4"
      >
        <td
          className="day"
          id="2019-01-27"
          key="2019-01-27"
        >
          <button
            className="day__button"
            disabled={false}
            id="2019-01-27"
            onClick={[Function]}
            onMouseOut={[Function]}
            onMouseOver={[Function]}
          >
            27
          </button>
        </td>
        <td
          className="day"
          id="2019-01-28"
          key="2019-01-28"
        >
          <button
            className="day__button"
            disabled={false}
            id="2019-01-28"
            onClick={[Function]}
            onMouseOut={[Function]}
            onMouseOver={[Function]}
          >
            28
          </button>
        </td>
        <td
          className="day"
          id="2019-01-29"
          key="2019-01-29"
        >
          <button
            className="day__button"
            disabled={false}
            id="2019-01-29"
            onClick={[Function]}
            onMouseOut={[Function]}
            onMouseOver={[Function]}
          >
            29
          </button>
        </td>
        <td
          className="day"
          id="2019-01-30"
          key="2019-01-30"
        >
          <button
            className="day__button"
            disabled={false}
            id="2019-01-30"
            onClick={[Function]}
            onMouseOut={[Function]}
            onMouseOver={[Function]}
          >
            30
          </button>
        </td>
        <td
          className="day"
          id="2019-01-31"
          key="2019-01-31"
        >
          <button
            className="day__button"
            disabled={false}
            id="2019-01-31"
            onClick={[Function]}
            onMouseOut={[Function]}
            onMouseOver={[Function]}
          >
            31
          </button>
        </td>
        <td
          className="day day__blank"
          id={5}
          key="5"
        />
        <td
          className="day day__blank"
          id={6}
          key="6"
        />
      </tr>
    </tbody>
  </table>
</div>
`;
